2026-01-22 11:24:44.125|ERR|Src.Services.DbLogService-LogError(#16)| DB処理エラー:42P01: リレーション"t_災害区分"は存在しません

POSITION: 86
2026-01-22 11:24:44.126|ERR|Src.Services.DbLogService-LogError(#19)| SQL= select "災害区分id", "災害区分名", "表示順", "備考", "created_at", "updated_at", "deleted_at" from t_災害区分 where "deleted_at" is null ORDER BY 表示順
2026-01-22 11:24:44.630|ERR|Microsoft.AspNetCore.Diagnostics.DeveloperExceptionPageMiddleware| An unhandled exception has occurred while executing the request.Npgsql.PostgresException (0x80004005): 42P01: リレーション"t_災害区分"は存在しません

POSITION: 86
   at DapperAid.DbAccess.LoggableDbConnection.Command.ExecuteDbDataReaderAsync(CommandBehavior behavior, CancellationToken cancellationToken)
   at Dapper.SqlMapper.QueryAsync[T](IDbConnection cnn, Type effectiveType, CommandDefinition command) in /_/Dapper/SqlMapper.Async.cs:line 434
   at DapperAid.QueryRunner.SelectAsync[TFrom,TColumns](Expression`1 where, String otherClauses)
   at Pages.IndexModel.OnGetAsync() in D:\01-Development\PCKK-KantoHeli\Web\Pages\Index.cshtml.cs:line 44
   at Microsoft.AspNetCore.Mvc.RazorPages.Infrastructure.ExecutorFactory.NonGenericTaskHandlerMethod.Execute(Object receiver, Object[] arguments)
   at Microsoft.AspNetCore.Mvc.RazorPages.Infrastructure.PageActionInvoker.InvokeHandlerMethodAsync()
   at Microsoft.AspNetCore.Mvc.RazorPages.Infrastructure.PageActionInvoker.InvokeNextPageFilterAsync()
   at Microsoft.AspNetCore.Mvc.RazorPages.Infrastructure.PageActionInvoker.Rethrow(PageHandlerExecutedContext context)
   at Microsoft.AspNetCore.Mvc.RazorPages.Infrastructure.PageActionInvoker.Next(State& next, Scope& scope, Object& state, Boolean& isCompleted)
   at Microsoft.AspNetCore.Mvc.RazorPages.Infrastructure.PageActionInvoker.InvokeInnerFilterAsync()
   at Microsoft.AspNetCore.Mvc.Infrastructure.ResourceInvoker.<InvokeNextResourceFilter>g__Awaited|25_0(ResourceInvoker invoker, Task lastTask, State next, Scope scope, Object state, Boolean isCompleted)
   at Microsoft.AspNetCore.Mvc.Infrastructure.ResourceInvoker.Rethrow(ResourceExecutedContextSealed context)
   at Microsoft.AspNetCore.Mvc.Infrastructure.ResourceInvoker.Next(State& next, Scope& scope, Object& state, Boolean& isCompleted)
   at Microsoft.AspNetCore.Mvc.Infrastructure.ResourceInvoker.<InvokeFilterPipelineAsync>g__Awaited|20_0(ResourceInvoker invoker, Task lastTask, State next, Scope scope, Object state, Boolean isCompleted)
   at Microsoft.AspNetCore.Mvc.Infrastructure.ResourceInvoker.<InvokeAsync>g__Awaited|17_0(ResourceInvoker invoker, Task task, IDisposable scope)
   at Microsoft.AspNetCore.Mvc.Infrastructure.ResourceInvoker.<InvokeAsync>g__Awaited|17_0(ResourceInvoker invoker, Task task, IDisposable scope)
   at Microsoft.AspNetCore.Authorization.AuthorizationMiddleware.Invoke(HttpContext context)
   at Microsoft.AspNetCore.Authentication.AuthenticationMiddleware.Invoke(HttpContext context)
   at Src.Basis.BasicAuthMiddleware.Invoke(HttpContext context) in D:\01-Development\PCKK-KantoHeli\Web\Src\Basis\BasicAuthMiddleware.cs:line 26
   at Microsoft.AspNetCore.Diagnostics.StatusCodePagesMiddleware.Invoke(HttpContext context)
   at Microsoft.AspNetCore.Diagnostics.DeveloperExceptionPageMiddlewareImpl.Invoke(HttpContext context)
  Exception data:
    Severity: ERROR
    SqlState: 42P01
    MessageText: リレーション"t_災害区分"は存在しません
    Position: 86
    File: parse_relation.c
    Line: 1395
    Routine: parserOpenTable
2026-01-22 11:43:02.775|ERR|Src.Services.DbLogService-LogError(#16)| DB処理エラー:42P01: リレーション"t_災害区分"は存在しません

POSITION: 86
2026-01-22 11:43:02.775|ERR|Src.Services.DbLogService-LogError(#19)| SQL= select "災害区分id", "災害区分名", "表示順", "備考", "created_at", "updated_at", "deleted_at" from t_災害区分 where "deleted_at" is null ORDER BY 表示順
2026-01-22 11:43:03.252|ERR|Microsoft.AspNetCore.Diagnostics.DeveloperExceptionPageMiddleware| An unhandled exception has occurred while executing the request.Npgsql.PostgresException (0x80004005): 42P01: リレーション"t_災害区分"は存在しません

POSITION: 86
   at DapperAid.DbAccess.LoggableDbConnection.Command.ExecuteDbDataReaderAsync(CommandBehavior behavior, CancellationToken cancellationToken)
   at Dapper.SqlMapper.QueryAsync[T](IDbConnection cnn, Type effectiveType, CommandDefinition command) in /_/Dapper/SqlMapper.Async.cs:line 434
   at DapperAid.QueryRunner.SelectAsync[TFrom,TColumns](Expression`1 where, String otherClauses)
   at Pages.IndexModel.OnGetAsync() in D:\01-Development\PCKK-KantoHeli\Web\Pages\Index.cshtml.cs:line 44
   at Microsoft.AspNetCore.Mvc.RazorPages.Infrastructure.ExecutorFactory.NonGenericTaskHandlerMethod.Execute(Object receiver, Object[] arguments)
   at Microsoft.AspNetCore.Mvc.RazorPages.Infrastructure.PageActionInvoker.InvokeHandlerMethodAsync()
   at Microsoft.AspNetCore.Mvc.RazorPages.Infrastructure.PageActionInvoker.InvokeNextPageFilterAsync()
   at Microsoft.AspNetCore.Mvc.RazorPages.Infrastructure.PageActionInvoker.Rethrow(PageHandlerExecutedContext context)
   at Microsoft.AspNetCore.Mvc.RazorPages.Infrastructure.PageActionInvoker.Next(State& next, Scope& scope, Object& state, Boolean& isCompleted)
   at Microsoft.AspNetCore.Mvc.RazorPages.Infrastructure.PageActionInvoker.InvokeInnerFilterAsync()
   at Microsoft.AspNetCore.Mvc.Infrastructure.ResourceInvoker.<InvokeNextResourceFilter>g__Awaited|25_0(ResourceInvoker invoker, Task lastTask, State next, Scope scope, Object state, Boolean isCompleted)
   at Microsoft.AspNetCore.Mvc.Infrastructure.ResourceInvoker.Rethrow(ResourceExecutedContextSealed context)
   at Microsoft.AspNetCore.Mvc.Infrastructure.ResourceInvoker.Next(State& next, Scope& scope, Object& state, Boolean& isCompleted)
   at Microsoft.AspNetCore.Mvc.Infrastructure.ResourceInvoker.<InvokeFilterPipelineAsync>g__Awaited|20_0(ResourceInvoker invoker, Task lastTask, State next, Scope scope, Object state, Boolean isCompleted)
   at Microsoft.AspNetCore.Mvc.Infrastructure.ResourceInvoker.<InvokeAsync>g__Awaited|17_0(ResourceInvoker invoker, Task task, IDisposable scope)
   at Microsoft.AspNetCore.Mvc.Infrastructure.ResourceInvoker.<InvokeAsync>g__Awaited|17_0(ResourceInvoker invoker, Task task, IDisposable scope)
   at Microsoft.AspNetCore.Authorization.AuthorizationMiddleware.Invoke(HttpContext context)
   at Microsoft.AspNetCore.Authentication.AuthenticationMiddleware.Invoke(HttpContext context)
   at Src.Basis.BasicAuthMiddleware.Invoke(HttpContext context) in D:\01-Development\PCKK-KantoHeli\Web\Src\Basis\BasicAuthMiddleware.cs:line 26
   at Microsoft.AspNetCore.Diagnostics.StatusCodePagesMiddleware.Invoke(HttpContext context)
   at Microsoft.AspNetCore.Diagnostics.DeveloperExceptionPageMiddlewareImpl.Invoke(HttpContext context)
  Exception data:
    Severity: ERROR
    SqlState: 42P01
    MessageText: リレーション"t_災害区分"は存在しません
    Position: 86
    File: parse_relation.c
    Line: 1395
    Routine: parserOpenTable
2026-01-22 15:55:10.249|ERR|Src.Services.DbLogService-LogError(#16)| DB処理エラー:42P01: リレーション"t_災害区分"は存在しません

POSITION: 86
2026-01-22 15:55:10.249|ERR|Src.Services.DbLogService-LogError(#19)| SQL= select "災害区分id", "災害区分名", "表示順", "備考", "created_at", "updated_at", "deleted_at" from t_災害区分 where "deleted_at" is null ORDER BY 表示順
2026-01-22 15:55:10.492|ERR|Microsoft.AspNetCore.Diagnostics.DeveloperExceptionPageMiddleware| An unhandled exception has occurred while executing the request.Npgsql.PostgresException (0x80004005): 42P01: リレーション"t_災害区分"は存在しません

POSITION: 86
   at DapperAid.DbAccess.LoggableDbConnection.Command.ExecuteDbDataReaderAsync(CommandBehavior behavior, CancellationToken cancellationToken)
   at Dapper.SqlMapper.QueryAsync[T](IDbConnection cnn, Type effectiveType, CommandDefinition command) in /_/Dapper/SqlMapper.Async.cs:line 434
   at DapperAid.QueryRunner.SelectAsync[TFrom,TColumns](Expression`1 where, String otherClauses)
   at Pages.IndexModel.OnGetAsync() in D:\01-Development\PCKK-KantoHeli\Web\Pages\Index.cshtml.cs:line 44
   at Microsoft.AspNetCore.Mvc.RazorPages.Infrastructure.ExecutorFactory.NonGenericTaskHandlerMethod.Execute(Object receiver, Object[] arguments)
   at Microsoft.AspNetCore.Mvc.RazorPages.Infrastructure.PageActionInvoker.InvokeHandlerMethodAsync()
   at Microsoft.AspNetCore.Mvc.RazorPages.Infrastructure.PageActionInvoker.InvokeNextPageFilterAsync()
   at Microsoft.AspNetCore.Mvc.RazorPages.Infrastructure.PageActionInvoker.Rethrow(PageHandlerExecutedContext context)
   at Microsoft.AspNetCore.Mvc.RazorPages.Infrastructure.PageActionInvoker.Next(State& next, Scope& scope, Object& state, Boolean& isCompleted)
   at Microsoft.AspNetCore.Mvc.RazorPages.Infrastructure.PageActionInvoker.InvokeInnerFilterAsync()
   at Microsoft.AspNetCore.Mvc.Infrastructure.ResourceInvoker.<InvokeNextResourceFilter>g__Awaited|25_0(ResourceInvoker invoker, Task lastTask, State next, Scope scope, Object state, Boolean isCompleted)
   at Microsoft.AspNetCore.Mvc.Infrastructure.ResourceInvoker.Rethrow(ResourceExecutedContextSealed context)
   at Microsoft.AspNetCore.Mvc.Infrastructure.ResourceInvoker.Next(State& next, Scope& scope, Object& state, Boolean& isCompleted)
   at Microsoft.AspNetCore.Mvc.Infrastructure.ResourceInvoker.<InvokeFilterPipelineAsync>g__Awaited|20_0(ResourceInvoker invoker, Task lastTask, State next, Scope scope, Object state, Boolean isCompleted)
   at Microsoft.AspNetCore.Mvc.Infrastructure.ResourceInvoker.<InvokeAsync>g__Awaited|17_0(ResourceInvoker invoker, Task task, IDisposable scope)
   at Microsoft.AspNetCore.Mvc.Infrastructure.ResourceInvoker.<InvokeAsync>g__Awaited|17_0(ResourceInvoker invoker, Task task, IDisposable scope)
   at Microsoft.AspNetCore.Authorization.AuthorizationMiddleware.Invoke(HttpContext context)
   at Microsoft.AspNetCore.Authentication.AuthenticationMiddleware.Invoke(HttpContext context)
   at Src.Basis.BasicAuthMiddleware.Invoke(HttpContext context) in D:\01-Development\PCKK-KantoHeli\Web\Src\Basis\BasicAuthMiddleware.cs:line 26
   at Microsoft.AspNetCore.Diagnostics.StatusCodePagesMiddleware.Invoke(HttpContext context)
   at Microsoft.AspNetCore.Diagnostics.DeveloperExceptionPageMiddlewareImpl.Invoke(HttpContext context)
  Exception data:
    Severity: ERROR
    SqlState: 42P01
    MessageText: リレーション"t_災害区分"は存在しません
    Position: 86
    File: parse_relation.c
    Line: 1395
    Routine: parserOpenTable
2026-01-22 15:55:31.155|ERR|Src.Services.DbLogService-LogError(#16)| DB処理エラー:42P01: リレーション"t_災害区分"は存在しません

POSITION: 86
2026-01-22 15:55:31.155|ERR|Src.Services.DbLogService-LogError(#19)| SQL= select "災害区分id", "災害区分名", "表示順", "備考", "created_at", "updated_at", "deleted_at" from t_災害区分 where "deleted_at" is null ORDER BY 表示順
2026-01-22 15:55:31.458|ERR|Microsoft.AspNetCore.Diagnostics.DeveloperExceptionPageMiddleware| An unhandled exception has occurred while executing the request.Npgsql.PostgresException (0x80004005): 42P01: リレーション"t_災害区分"は存在しません

POSITION: 86
   at DapperAid.DbAccess.LoggableDbConnection.Command.ExecuteDbDataReaderAsync(CommandBehavior behavior, CancellationToken cancellationToken)
   at Dapper.SqlMapper.QueryAsync[T](IDbConnection cnn, Type effectiveType, CommandDefinition command) in /_/Dapper/SqlMapper.Async.cs:line 434
   at DapperAid.QueryRunner.SelectAsync[TFrom,TColumns](Expression`1 where, String otherClauses)
   at Pages.IndexModel.OnGetAsync() in D:\01-Development\PCKK-KantoHeli\Web\Pages\Index.cshtml.cs:line 44
   at Microsoft.AspNetCore.Mvc.RazorPages.Infrastructure.ExecutorFactory.NonGenericTaskHandlerMethod.Execute(Object receiver, Object[] arguments)
   at Microsoft.AspNetCore.Mvc.RazorPages.Infrastructure.PageActionInvoker.InvokeHandlerMethodAsync()
   at Microsoft.AspNetCore.Mvc.RazorPages.Infrastructure.PageActionInvoker.InvokeNextPageFilterAsync()
   at Microsoft.AspNetCore.Mvc.RazorPages.Infrastructure.PageActionInvoker.Rethrow(PageHandlerExecutedContext context)
   at Microsoft.AspNetCore.Mvc.RazorPages.Infrastructure.PageActionInvoker.Next(State& next, Scope& scope, Object& state, Boolean& isCompleted)
   at Microsoft.AspNetCore.Mvc.RazorPages.Infrastructure.PageActionInvoker.InvokeInnerFilterAsync()
   at Microsoft.AspNetCore.Mvc.Infrastructure.ResourceInvoker.<InvokeNextResourceFilter>g__Awaited|25_0(ResourceInvoker invoker, Task lastTask, State next, Scope scope, Object state, Boolean isCompleted)
   at Microsoft.AspNetCore.Mvc.Infrastructure.ResourceInvoker.Rethrow(ResourceExecutedContextSealed context)
   at Microsoft.AspNetCore.Mvc.Infrastructure.ResourceInvoker.Next(State& next, Scope& scope, Object& state, Boolean& isCompleted)
   at Microsoft.AspNetCore.Mvc.Infrastructure.ResourceInvoker.<InvokeFilterPipelineAsync>g__Awaited|20_0(ResourceInvoker invoker, Task lastTask, State next, Scope scope, Object state, Boolean isCompleted)
   at Microsoft.AspNetCore.Mvc.Infrastructure.ResourceInvoker.<InvokeAsync>g__Awaited|17_0(ResourceInvoker invoker, Task task, IDisposable scope)
   at Microsoft.AspNetCore.Mvc.Infrastructure.ResourceInvoker.<InvokeAsync>g__Awaited|17_0(ResourceInvoker invoker, Task task, IDisposable scope)
   at Microsoft.AspNetCore.Authorization.AuthorizationMiddleware.Invoke(HttpContext context)
   at Microsoft.AspNetCore.Authentication.AuthenticationMiddleware.Invoke(HttpContext context)
   at Src.Basis.BasicAuthMiddleware.Invoke(HttpContext context) in D:\01-Development\PCKK-KantoHeli\Web\Src\Basis\BasicAuthMiddleware.cs:line 26
   at Microsoft.AspNetCore.Diagnostics.StatusCodePagesMiddleware.Invoke(HttpContext context)
   at Microsoft.AspNetCore.Diagnostics.DeveloperExceptionPageMiddlewareImpl.Invoke(HttpContext context)
  Exception data:
    Severity: ERROR
    SqlState: 42P01
    MessageText: リレーション"t_災害区分"は存在しません
    Position: 86
    File: parse_relation.c
    Line: 1395
    Routine: parserOpenTable
2026-01-22 15:55:32.552|ERR|Src.Services.DbLogService-LogError(#16)| DB処理エラー:42P01: リレーション"t_災害区分"は存在しません

POSITION: 86
2026-01-22 15:55:32.552|ERR|Src.Services.DbLogService-LogError(#19)| SQL= select "災害区分id", "災害区分名", "表示順", "備考", "created_at", "updated_at", "deleted_at" from t_災害区分 where "deleted_at" is null ORDER BY 表示順
2026-01-22 15:55:32.831|ERR|Microsoft.AspNetCore.Diagnostics.DeveloperExceptionPageMiddleware| An unhandled exception has occurred while executing the request.Npgsql.PostgresException (0x80004005): 42P01: リレーション"t_災害区分"は存在しません

POSITION: 86
   at DapperAid.DbAccess.LoggableDbConnection.Command.ExecuteDbDataReaderAsync(CommandBehavior behavior, CancellationToken cancellationToken)
   at Dapper.SqlMapper.QueryAsync[T](IDbConnection cnn, Type effectiveType, CommandDefinition command) in /_/Dapper/SqlMapper.Async.cs:line 434
   at DapperAid.QueryRunner.SelectAsync[TFrom,TColumns](Expression`1 where, String otherClauses)
   at Pages.IndexModel.OnGetAsync() in D:\01-Development\PCKK-KantoHeli\Web\Pages\Index.cshtml.cs:line 44
   at Microsoft.AspNetCore.Mvc.RazorPages.Infrastructure.ExecutorFactory.NonGenericTaskHandlerMethod.Execute(Object receiver, Object[] arguments)
   at Microsoft.AspNetCore.Mvc.RazorPages.Infrastructure.PageActionInvoker.InvokeHandlerMethodAsync()
   at Microsoft.AspNetCore.Mvc.RazorPages.Infrastructure.PageActionInvoker.InvokeNextPageFilterAsync()
   at Microsoft.AspNetCore.Mvc.RazorPages.Infrastructure.PageActionInvoker.Rethrow(PageHandlerExecutedContext context)
   at Microsoft.AspNetCore.Mvc.RazorPages.Infrastructure.PageActionInvoker.Next(State& next, Scope& scope, Object& state, Boolean& isCompleted)
   at Microsoft.AspNetCore.Mvc.RazorPages.Infrastructure.PageActionInvoker.InvokeInnerFilterAsync()
   at Microsoft.AspNetCore.Mvc.Infrastructure.ResourceInvoker.<InvokeNextResourceFilter>g__Awaited|25_0(ResourceInvoker invoker, Task lastTask, State next, Scope scope, Object state, Boolean isCompleted)
   at Microsoft.AspNetCore.Mvc.Infrastructure.ResourceInvoker.Rethrow(ResourceExecutedContextSealed context)
   at Microsoft.AspNetCore.Mvc.Infrastructure.ResourceInvoker.Next(State& next, Scope& scope, Object& state, Boolean& isCompleted)
   at Microsoft.AspNetCore.Mvc.Infrastructure.ResourceInvoker.<InvokeFilterPipelineAsync>g__Awaited|20_0(ResourceInvoker invoker, Task lastTask, State next, Scope scope, Object state, Boolean isCompleted)
   at Microsoft.AspNetCore.Mvc.Infrastructure.ResourceInvoker.<InvokeAsync>g__Awaited|17_0(ResourceInvoker invoker, Task task, IDisposable scope)
   at Microsoft.AspNetCore.Mvc.Infrastructure.ResourceInvoker.<InvokeAsync>g__Awaited|17_0(ResourceInvoker invoker, Task task, IDisposable scope)
   at Microsoft.AspNetCore.Authorization.AuthorizationMiddleware.Invoke(HttpContext context)
   at Microsoft.AspNetCore.Authentication.AuthenticationMiddleware.Invoke(HttpContext context)
   at Src.Basis.BasicAuthMiddleware.Invoke(HttpContext context) in D:\01-Development\PCKK-KantoHeli\Web\Src\Basis\BasicAuthMiddleware.cs:line 26
   at Microsoft.AspNetCore.Diagnostics.StatusCodePagesMiddleware.Invoke(HttpContext context)
   at Microsoft.AspNetCore.Diagnostics.DeveloperExceptionPageMiddlewareImpl.Invoke(HttpContext context)
  Exception data:
    Severity: ERROR
    SqlState: 42P01
    MessageText: リレーション"t_災害区分"は存在しません
    Position: 86
    File: parse_relation.c
    Line: 1395
    Routine: parserOpenTable
2026-01-22 15:55:33.508|ERR|Src.Services.DbLogService-LogError(#16)| DB処理エラー:42P01: リレーション"t_災害区分"は存在しません

POSITION: 86
2026-01-22 15:55:33.508|ERR|Src.Services.DbLogService-LogError(#19)| SQL= select "災害区分id", "災害区分名", "表示順", "備考", "created_at", "updated_at", "deleted_at" from t_災害区分 where "deleted_at" is null ORDER BY 表示順
2026-01-22 15:55:33.775|ERR|Microsoft.AspNetCore.Diagnostics.DeveloperExceptionPageMiddleware| An unhandled exception has occurred while executing the request.Npgsql.PostgresException (0x80004005): 42P01: リレーション"t_災害区分"は存在しません

POSITION: 86
   at DapperAid.DbAccess.LoggableDbConnection.Command.ExecuteDbDataReaderAsync(CommandBehavior behavior, CancellationToken cancellationToken)
   at Dapper.SqlMapper.QueryAsync[T](IDbConnection cnn, Type effectiveType, CommandDefinition command) in /_/Dapper/SqlMapper.Async.cs:line 434
   at DapperAid.QueryRunner.SelectAsync[TFrom,TColumns](Expression`1 where, String otherClauses)
   at Pages.IndexModel.OnGetAsync() in D:\01-Development\PCKK-KantoHeli\Web\Pages\Index.cshtml.cs:line 44
   at Microsoft.AspNetCore.Mvc.RazorPages.Infrastructure.ExecutorFactory.NonGenericTaskHandlerMethod.Execute(Object receiver, Object[] arguments)
   at Microsoft.AspNetCore.Mvc.RazorPages.Infrastructure.PageActionInvoker.InvokeHandlerMethodAsync()
   at Microsoft.AspNetCore.Mvc.RazorPages.Infrastructure.PageActionInvoker.InvokeNextPageFilterAsync()
   at Microsoft.AspNetCore.Mvc.RazorPages.Infrastructure.PageActionInvoker.Rethrow(PageHandlerExecutedContext context)
   at Microsoft.AspNetCore.Mvc.RazorPages.Infrastructure.PageActionInvoker.Next(State& next, Scope& scope, Object& state, Boolean& isCompleted)
   at Microsoft.AspNetCore.Mvc.RazorPages.Infrastructure.PageActionInvoker.InvokeInnerFilterAsync()
   at Microsoft.AspNetCore.Mvc.Infrastructure.ResourceInvoker.<InvokeNextResourceFilter>g__Awaited|25_0(ResourceInvoker invoker, Task lastTask, State next, Scope scope, Object state, Boolean isCompleted)
   at Microsoft.AspNetCore.Mvc.Infrastructure.ResourceInvoker.Rethrow(ResourceExecutedContextSealed context)
   at Microsoft.AspNetCore.Mvc.Infrastructure.ResourceInvoker.Next(State& next, Scope& scope, Object& state, Boolean& isCompleted)
   at Microsoft.AspNetCore.Mvc.Infrastructure.ResourceInvoker.<InvokeFilterPipelineAsync>g__Awaited|20_0(ResourceInvoker invoker, Task lastTask, State next, Scope scope, Object state, Boolean isCompleted)
   at Microsoft.AspNetCore.Mvc.Infrastructure.ResourceInvoker.<InvokeAsync>g__Awaited|17_0(ResourceInvoker invoker, Task task, IDisposable scope)
   at Microsoft.AspNetCore.Mvc.Infrastructure.ResourceInvoker.<InvokeAsync>g__Awaited|17_0(ResourceInvoker invoker, Task task, IDisposable scope)
   at Microsoft.AspNetCore.Authorization.AuthorizationMiddleware.Invoke(HttpContext context)
   at Microsoft.AspNetCore.Authentication.AuthenticationMiddleware.Invoke(HttpContext context)
   at Src.Basis.BasicAuthMiddleware.Invoke(HttpContext context) in D:\01-Development\PCKK-KantoHeli\Web\Src\Basis\BasicAuthMiddleware.cs:line 26
   at Microsoft.AspNetCore.Diagnostics.StatusCodePagesMiddleware.Invoke(HttpContext context)
   at Microsoft.AspNetCore.Diagnostics.DeveloperExceptionPageMiddlewareImpl.Invoke(HttpContext context)
  Exception data:
    Severity: ERROR
    SqlState: 42P01
    MessageText: リレーション"t_災害区分"は存在しません
    Position: 86
    File: parse_relation.c
    Line: 1395
    Routine: parserOpenTable
2026-01-22 17:14:21.555|ERR|Src.Services.DbLogService-LogError(#16)| DB処理エラー:42P01: リレーション"t_災害区分"は存在しません

POSITION: 86
2026-01-22 17:14:21.555|ERR|Src.Services.DbLogService-LogError(#19)| SQL= select "災害区分id", "災害区分名", "表示順", "備考", "created_at", "updated_at", "deleted_at" from t_災害区分 where "deleted_at" is null ORDER BY 表示順
2026-01-22 17:14:22.038|ERR|Microsoft.AspNetCore.Diagnostics.DeveloperExceptionPageMiddleware| An unhandled exception has occurred while executing the request.Npgsql.PostgresException (0x80004005): 42P01: リレーション"t_災害区分"は存在しません

POSITION: 86
   at DapperAid.DbAccess.LoggableDbConnection.Command.ExecuteDbDataReaderAsync(CommandBehavior behavior, CancellationToken cancellationToken)
   at Dapper.SqlMapper.QueryAsync[T](IDbConnection cnn, Type effectiveType, CommandDefinition command) in /_/Dapper/SqlMapper.Async.cs:line 434
   at DapperAid.QueryRunner.SelectAsync[TFrom,TColumns](Expression`1 where, String otherClauses)
   at Pages.IndexModel.OnGetAsync() in D:\01-Development\PCKK-KantoHeli\Web\Pages\Index.cshtml.cs:line 44
   at Microsoft.AspNetCore.Mvc.RazorPages.Infrastructure.ExecutorFactory.NonGenericTaskHandlerMethod.Execute(Object receiver, Object[] arguments)
   at Microsoft.AspNetCore.Mvc.RazorPages.Infrastructure.PageActionInvoker.InvokeHandlerMethodAsync()
   at Microsoft.AspNetCore.Mvc.RazorPages.Infrastructure.PageActionInvoker.InvokeNextPageFilterAsync()
   at Microsoft.AspNetCore.Mvc.RazorPages.Infrastructure.PageActionInvoker.Rethrow(PageHandlerExecutedContext context)
   at Microsoft.AspNetCore.Mvc.RazorPages.Infrastructure.PageActionInvoker.Next(State& next, Scope& scope, Object& state, Boolean& isCompleted)
   at Microsoft.AspNetCore.Mvc.RazorPages.Infrastructure.PageActionInvoker.InvokeInnerFilterAsync()
   at Microsoft.AspNetCore.Mvc.Infrastructure.ResourceInvoker.<InvokeNextResourceFilter>g__Awaited|25_0(ResourceInvoker invoker, Task lastTask, State next, Scope scope, Object state, Boolean isCompleted)
   at Microsoft.AspNetCore.Mvc.Infrastructure.ResourceInvoker.Rethrow(ResourceExecutedContextSealed context)
   at Microsoft.AspNetCore.Mvc.Infrastructure.ResourceInvoker.Next(State& next, Scope& scope, Object& state, Boolean& isCompleted)
   at Microsoft.AspNetCore.Mvc.Infrastructure.ResourceInvoker.<InvokeFilterPipelineAsync>g__Awaited|20_0(ResourceInvoker invoker, Task lastTask, State next, Scope scope, Object state, Boolean isCompleted)
   at Microsoft.AspNetCore.Mvc.Infrastructure.ResourceInvoker.<InvokeAsync>g__Awaited|17_0(ResourceInvoker invoker, Task task, IDisposable scope)
   at Microsoft.AspNetCore.Mvc.Infrastructure.ResourceInvoker.<InvokeAsync>g__Awaited|17_0(ResourceInvoker invoker, Task task, IDisposable scope)
   at Microsoft.AspNetCore.Authorization.AuthorizationMiddleware.Invoke(HttpContext context)
   at Microsoft.AspNetCore.Authentication.AuthenticationMiddleware.Invoke(HttpContext context)
   at Src.Basis.BasicAuthMiddleware.Invoke(HttpContext context) in D:\01-Development\PCKK-KantoHeli\Web\Src\Basis\BasicAuthMiddleware.cs:line 26
   at Microsoft.AspNetCore.Diagnostics.StatusCodePagesMiddleware.Invoke(HttpContext context)
   at Microsoft.AspNetCore.Diagnostics.DeveloperExceptionPageMiddlewareImpl.Invoke(HttpContext context)
  Exception data:
    Severity: ERROR
    SqlState: 42P01
    MessageText: リレーション"t_災害区分"は存在しません
    Position: 86
    File: parse_relation.c
    Line: 1395
    Routine: parserOpenTable
2026-01-22 17:29:58.973|WRN|Src.WebAPI.LogJsAPI-LogJsError(#23)| JavaScriptError: Uncaught TypeError: Cannot read properties of null (reading 'addEventListener')  (/ file=http://localhost:5260/js/index.js?v=rb7OALSL4m0_Wt7KQnjE3HpTe_eNrRkrEkbfaLYcoxs line=1 col=1166 ) (http://localhost:5260/)
2026-01-22 17:29:58.977|WRN|Src.WebAPI.LogJsAPI-LogJsError(#24)|     from:::1 ["Mozilla/5.0 (Windows NT 10.0; Win64; x64) AppleWebKit/537.36 (KHTML, like Gecko) Chrome/144.0.0.0 Safari/537.36 Edg/144.0.0.0"]
2026-01-22 17:34:23.222|ERR|Src.Services.DbLogService-LogError(#16)| DB処理エラー:42P01: リレーション"g_市区町村"は存在しません

POSITION: 245
2026-01-22 17:34:23.225|ERR|Src.Services.DbLogService-LogError(#19)| SQL= WITH w_地震明細 AS (
    SELECT LEFT(市区町村コード,5) AS code, MAX(最大震度) AS intensity
    FROM t_地震明細
    WHERE 地震ID=ANY(@quake) AND 最大震度>='4' AND deleted_at IS NULL
    GROUP BY 1
)
SELECT w_地震明細.code, intensity, wkb_geometry
FROM w_地震明細
INNER JOIN g_市区町村 on w_地震明細.code=g_市区町村.n03_007
ORDER BY code
2026-01-22 17:34:23.228|ERR|Src.Services.DbLogService-LogError(#23)|  Param[0:quake] = [1]
2026-01-22 17:34:23.543|ERR|Microsoft.AspNetCore.Diagnostics.DeveloperExceptionPageMiddleware| An unhandled exception has occurred while executing the request.Npgsql.PostgresException (0x80004005): 42P01: リレーション"g_市区町村"は存在しません

POSITION: 245
   at DapperAid.DbAccess.LoggableDbConnection.Command.ExecuteDbDataReaderAsync(CommandBehavior behavior, CancellationToken cancellationToken)
   at Dapper.SqlMapper.QueryAsync[T](IDbConnection cnn, Type effectiveType, CommandDefinition command) in /_/Dapper/SqlMapper.Async.cs:line 434
   at Src.WebAPI.MapDataApi.GetEarthquakePolygonAsync(Int32[] quake) in D:\01-Development\PCKK-KantoHeli\Web\Src\WebAPI\MapDataAPI.cs:line 77
   at lambda_method93(Closure, Object)
   at Microsoft.AspNetCore.Mvc.Infrastructure.ActionMethodExecutor.TaskOfActionResultExecutor.Execute(ActionContext actionContext, IActionResultTypeMapper mapper, ObjectMethodExecutor executor, Object controller, Object[] arguments)
   at Microsoft.AspNetCore.Mvc.Infrastructure.ControllerActionInvoker.<InvokeActionMethodAsync>g__Awaited|12_0(ControllerActionInvoker invoker, ValueTask`1 actionResultValueTask)
   at Microsoft.AspNetCore.Mvc.Infrastructure.ControllerActionInvoker.<InvokeNextActionFilterAsync>g__Awaited|10_0(ControllerActionInvoker invoker, Task lastTask, State next, Scope scope, Object state, Boolean isCompleted)
   at Microsoft.AspNetCore.Mvc.Infrastructure.ControllerActionInvoker.Rethrow(ActionExecutedContextSealed context)
   at Microsoft.AspNetCore.Mvc.Infrastructure.ControllerActionInvoker.Next(State& next, Scope& scope, Object& state, Boolean& isCompleted)
   at Microsoft.AspNetCore.Mvc.Infrastructure.ControllerActionInvoker.<InvokeInnerFilterAsync>g__Awaited|13_0(ControllerActionInvoker invoker, Task lastTask, State next, Scope scope, Object state, Boolean isCompleted)
   at Microsoft.AspNetCore.Mvc.Infrastructure.ResourceInvoker.<InvokeNextResourceFilter>g__Awaited|25_0(ResourceInvoker invoker, Task lastTask, State next, Scope scope, Object state, Boolean isCompleted)
   at Microsoft.AspNetCore.Mvc.Infrastructure.ResourceInvoker.Rethrow(ResourceExecutedContextSealed context)
   at Microsoft.AspNetCore.Mvc.Infrastructure.ResourceInvoker.Next(State& next, Scope& scope, Object& state, Boolean& isCompleted)
   at Microsoft.AspNetCore.Mvc.Infrastructure.ResourceInvoker.<InvokeFilterPipelineAsync>g__Awaited|20_0(ResourceInvoker invoker, Task lastTask, State next, Scope scope, Object state, Boolean isCompleted)
   at Microsoft.AspNetCore.Mvc.Infrastructure.ResourceInvoker.<InvokeAsync>g__Awaited|17_0(ResourceInvoker invoker, Task task, IDisposable scope)
   at Microsoft.AspNetCore.Mvc.Infrastructure.ResourceInvoker.<InvokeAsync>g__Awaited|17_0(ResourceInvoker invoker, Task task, IDisposable scope)
   at Microsoft.AspNetCore.Authorization.AuthorizationMiddleware.Invoke(HttpContext context)
   at Microsoft.AspNetCore.Authentication.AuthenticationMiddleware.Invoke(HttpContext context)
   at Src.Basis.BasicAuthMiddleware.Invoke(HttpContext context) in D:\01-Development\PCKK-KantoHeli\Web\Src\Basis\BasicAuthMiddleware.cs:line 26
   at Microsoft.AspNetCore.Diagnostics.StatusCodePagesMiddleware.Invoke(HttpContext context)
   at Microsoft.AspNetCore.Diagnostics.DeveloperExceptionPageMiddlewareImpl.Invoke(HttpContext context)
  Exception data:
    Severity: ERROR
    SqlState: 42P01
    MessageText: リレーション"g_市区町村"は存在しません
    Position: 245
    File: parse_relation.c
    Line: 1395
    Routine: parserOpenTable
2026-01-23 03:09:37.810|WRN|Src.WebAPI.LogJsAPI-LogJsError(#23)| JavaScriptError: Uncaught TypeError: Cannot read properties of null (reading 'addEventListener')  (/ file=http://localhost:5260/js/index.js?v=rb7OALSL4m0_Wt7KQnjE3HpTe_eNrRkrEkbfaLYcoxs line=1 col=1166 ) (http://localhost:5260/)
2026-01-23 03:09:37.822|WRN|Src.WebAPI.LogJsAPI-LogJsError(#24)|     from:::1 ["Mozilla/5.0 (Windows NT 10.0; Win64; x64) AppleWebKit/537.36 (KHTML, like Gecko) Chrome/144.0.0.0 Safari/537.36 Edg/144.0.0.0"]
2026-01-23 10:22:11.835|WRN|Src.WebAPI.LogJsAPI-LogJsError(#23)| JavaScriptError: Uncaught TypeError: Cannot read properties of null (reading 'addEventListener')  (/ file=http://localhost:5260/js/index.js?v=rb7OALSL4m0_Wt7KQnjE3HpTe_eNrRkrEkbfaLYcoxs line=1 col=1166 ) (http://localhost:5260/)
2026-01-23 10:22:11.839|WRN|Src.WebAPI.LogJsAPI-LogJsError(#24)|     from:::1 ["Mozilla/5.0 (Windows NT 10.0; Win64; x64) AppleWebKit/537.36 (KHTML, like Gecko) Chrome/144.0.0.0 Safari/537.36 Edg/144.0.0.0"]
2026-01-23 10:54:50.081|ERR|Src.Services.DbLogService-LogError(#16)| DB処理エラー:42P01: リレーション"t_調査依頼"は存在しません

POSITION: 106
2026-01-23 10:54:50.081|ERR|Src.Services.DbLogService-LogError(#19)| SQL= select "調査依頼id", "スレッドid", "調査依頼名", "組織id", "ステータス", "備考", "created_at", "updated_at", "deleted_at" from t_調査依頼 where "スレッドid"=@スレッドid and "deleted_at" is null ORDER BY updated_at DESC
2026-01-23 10:54:50.084|ERR|Src.Services.DbLogService-LogError(#23)|  Param[0:スレッドid] = 1
2026-01-23 10:54:50.500|ERR|Microsoft.AspNetCore.Diagnostics.DeveloperExceptionPageMiddleware| An unhandled exception has occurred while executing the request.Npgsql.PostgresException (0x80004005): 42P01: リレーション"t_調査依頼"は存在しません

POSITION: 106
   at DapperAid.DbAccess.LoggableDbConnection.Command.ExecuteDbDataReaderAsync(CommandBehavior behavior, CancellationToken cancellationToken)
   at Dapper.SqlMapper.QueryAsync[T](IDbConnection cnn, Type effectiveType, CommandDefinition command) in /_/Dapper/SqlMapper.Async.cs:line 434
   at DapperAid.QueryRunner.SelectAsync[TFrom,TColumns](Expression`1 where, String otherClauses)
   at Pages.Main.IndexModel.OnGetAsync(Int32 thread, Boolean partial, String tab) in D:\01-Development\PCKK-KantoHeli\Web\Pages\Main\Index.cshtml.cs:line 77
   at Microsoft.AspNetCore.Mvc.RazorPages.Infrastructure.ExecutorFactory.GenericTaskHandlerMethod.Convert[T](Object taskAsObject)
   at Microsoft.AspNetCore.Mvc.RazorPages.Infrastructure.ExecutorFactory.GenericTaskHandlerMethod.Execute(Object receiver, Object[] arguments)
   at Microsoft.AspNetCore.Mvc.RazorPages.Infrastructure.PageActionInvoker.InvokeHandlerMethodAsync()
   at Microsoft.AspNetCore.Mvc.RazorPages.Infrastructure.PageActionInvoker.InvokeNextPageFilterAsync()
   at Microsoft.AspNetCore.Mvc.RazorPages.Infrastructure.PageActionInvoker.Rethrow(PageHandlerExecutedContext context)
   at Microsoft.AspNetCore.Mvc.RazorPages.Infrastructure.PageActionInvoker.Next(State& next, Scope& scope, Object& state, Boolean& isCompleted)
   at Microsoft.AspNetCore.Mvc.RazorPages.Infrastructure.PageActionInvoker.InvokeInnerFilterAsync()
   at Microsoft.AspNetCore.Mvc.Infrastructure.ResourceInvoker.<InvokeNextResourceFilter>g__Awaited|25_0(ResourceInvoker invoker, Task lastTask, State next, Scope scope, Object state, Boolean isCompleted)
   at Microsoft.AspNetCore.Mvc.Infrastructure.ResourceInvoker.Rethrow(ResourceExecutedContextSealed context)
   at Microsoft.AspNetCore.Mvc.Infrastructure.ResourceInvoker.Next(State& next, Scope& scope, Object& state, Boolean& isCompleted)
   at Microsoft.AspNetCore.Mvc.Infrastructure.ResourceInvoker.<InvokeFilterPipelineAsync>g__Awaited|20_0(ResourceInvoker invoker, Task lastTask, State next, Scope scope, Object state, Boolean isCompleted)
   at Microsoft.AspNetCore.Mvc.Infrastructure.ResourceInvoker.<InvokeAsync>g__Awaited|17_0(ResourceInvoker invoker, Task task, IDisposable scope)
   at Microsoft.AspNetCore.Mvc.Infrastructure.ResourceInvoker.<InvokeAsync>g__Awaited|17_0(ResourceInvoker invoker, Task task, IDisposable scope)
   at Microsoft.AspNetCore.Authorization.AuthorizationMiddleware.Invoke(HttpContext context)
   at Microsoft.AspNetCore.Authentication.AuthenticationMiddleware.Invoke(HttpContext context)
   at Src.Basis.BasicAuthMiddleware.Invoke(HttpContext context) in D:\01-Development\PCKK-KantoHeli\Web\Src\Basis\BasicAuthMiddleware.cs:line 26
   at Microsoft.AspNetCore.Diagnostics.StatusCodePagesMiddleware.Invoke(HttpContext context)
   at Microsoft.AspNetCore.Diagnostics.DeveloperExceptionPageMiddlewareImpl.Invoke(HttpContext context)
  Exception data:
    Severity: ERROR
    SqlState: 42P01
    MessageText: リレーション"t_調査依頼"は存在しません
    Position: 106
    File: parse_relation.c
    Line: 1469
    Routine: parserOpenTable
2026-01-23 10:55:10.551|WRN|Src.WebAPI.LogJsAPI-LogJsError(#23)| JavaScriptError: Uncaught TypeError: Cannot read properties of null (reading 'addEventListener')  (/ file=http://localhost:5260/js/index.js?v=rb7OALSL4m0_Wt7KQnjE3HpTe_eNrRkrEkbfaLYcoxs line=1 col=1166 ) (http://localhost:5260/)
2026-01-23 10:55:10.551|WRN|Src.WebAPI.LogJsAPI-LogJsError(#24)|     from:::1 ["Mozilla/5.0 (Windows NT 10.0; Win64; x64) AppleWebKit/537.36 (KHTML, like Gecko) Chrome/144.0.0.0 Safari/537.36 Edg/144.0.0.0"]
2026-01-23 10:55:12.218|WRN|Src.WebAPI.LogJsAPI-LogJsError(#23)| JavaScriptError: Uncaught TypeError: Cannot read properties of null (reading 'addEventListener')  (/ file=http://localhost:5260/js/index.js?v=rb7OALSL4m0_Wt7KQnjE3HpTe_eNrRkrEkbfaLYcoxs line=1 col=1166 ) (http://localhost:5260/)
2026-01-23 10:55:12.218|WRN|Src.WebAPI.LogJsAPI-LogJsError(#24)|     from:::1 ["Mozilla/5.0 (Windows NT 10.0; Win64; x64) AppleWebKit/537.36 (KHTML, like Gecko) Chrome/144.0.0.0 Safari/537.36 Edg/144.0.0.0"]
2026-01-23 10:55:12.935|WRN|Src.WebAPI.LogJsAPI-LogJsError(#23)| JavaScriptError: Uncaught TypeError: Cannot read properties of null (reading 'addEventListener')  (/ file=http://localhost:5260/js/index.js?v=rb7OALSL4m0_Wt7KQnjE3HpTe_eNrRkrEkbfaLYcoxs line=1 col=1166 ) (http://localhost:5260/)
2026-01-23 10:55:12.935|WRN|Src.WebAPI.LogJsAPI-LogJsError(#24)|     from:::1 ["Mozilla/5.0 (Windows NT 10.0; Win64; x64) AppleWebKit/537.36 (KHTML, like Gecko) Chrome/144.0.0.0 Safari/537.36 Edg/144.0.0.0"]
2026-01-23 10:55:13.304|WRN|Src.WebAPI.LogJsAPI-LogJsError(#23)| JavaScriptError: Uncaught TypeError: Cannot read properties of null (reading 'addEventListener')  (/ file=http://localhost:5260/js/index.js?v=rb7OALSL4m0_Wt7KQnjE3HpTe_eNrRkrEkbfaLYcoxs line=1 col=1166 ) (http://localhost:5260/)
2026-01-23 10:55:13.304|WRN|Src.WebAPI.LogJsAPI-LogJsError(#24)|     from:::1 ["Mozilla/5.0 (Windows NT 10.0; Win64; x64) AppleWebKit/537.36 (KHTML, like Gecko) Chrome/144.0.0.0 Safari/537.36 Edg/144.0.0.0"]
2026-01-23 10:55:13.678|WRN|Src.WebAPI.LogJsAPI-LogJsError(#23)| JavaScriptError: Uncaught TypeError: Cannot read properties of null (reading 'addEventListener')  (/ file=http://localhost:5260/js/index.js?v=rb7OALSL4m0_Wt7KQnjE3HpTe_eNrRkrEkbfaLYcoxs line=1 col=1166 ) (http://localhost:5260/)
2026-01-23 10:55:13.678|WRN|Src.WebAPI.LogJsAPI-LogJsError(#24)|     from:::1 ["Mozilla/5.0 (Windows NT 10.0; Win64; x64) AppleWebKit/537.36 (KHTML, like Gecko) Chrome/144.0.0.0 Safari/537.36 Edg/144.0.0.0"]
2026-01-23 10:55:13.921|WRN|Src.WebAPI.LogJsAPI-LogJsError(#23)| JavaScriptError: Uncaught TypeError: Cannot read properties of null (reading 'addEventListener')  (/ file=http://localhost:5260/js/index.js?v=rb7OALSL4m0_Wt7KQnjE3HpTe_eNrRkrEkbfaLYcoxs line=1 col=1166 ) (http://localhost:5260/)
2026-01-23 10:55:13.921|WRN|Src.WebAPI.LogJsAPI-LogJsError(#24)|     from:::1 ["Mozilla/5.0 (Windows NT 10.0; Win64; x64) AppleWebKit/537.36 (KHTML, like Gecko) Chrome/144.0.0.0 Safari/537.36 Edg/144.0.0.0"]
2026-01-23 10:55:14.200|WRN|Src.WebAPI.LogJsAPI-LogJsError(#23)| JavaScriptError: Uncaught TypeError: Cannot read properties of null (reading 'addEventListener')  (/ file=http://localhost:5260/js/index.js?v=rb7OALSL4m0_Wt7KQnjE3HpTe_eNrRkrEkbfaLYcoxs line=1 col=1166 ) (http://localhost:5260/)
2026-01-23 10:55:14.200|WRN|Src.WebAPI.LogJsAPI-LogJsError(#24)|     from:::1 ["Mozilla/5.0 (Windows NT 10.0; Win64; x64) AppleWebKit/537.36 (KHTML, like Gecko) Chrome/144.0.0.0 Safari/537.36 Edg/144.0.0.0"]
2026-01-23 10:55:24.293|ERR|Src.Services.DbLogService-LogError(#16)| DB処理エラー:42P01: リレーション"t_調査依頼"は存在しません

POSITION: 106
2026-01-23 10:55:24.293|ERR|Src.Services.DbLogService-LogError(#19)| SQL= select "調査依頼id", "スレッドid", "調査依頼名", "組織id", "ステータス", "備考", "created_at", "updated_at", "deleted_at" from t_調査依頼 where "スレッドid"=@スレッドid and "deleted_at" is null ORDER BY updated_at DESC
2026-01-23 10:55:24.293|ERR|Src.Services.DbLogService-LogError(#23)|  Param[0:スレッドid] = 7
2026-01-23 10:55:24.616|ERR|Microsoft.AspNetCore.Diagnostics.DeveloperExceptionPageMiddleware| An unhandled exception has occurred while executing the request.Npgsql.PostgresException (0x80004005): 42P01: リレーション"t_調査依頼"は存在しません

POSITION: 106
   at DapperAid.DbAccess.LoggableDbConnection.Command.ExecuteDbDataReaderAsync(CommandBehavior behavior, CancellationToken cancellationToken)
   at Dapper.SqlMapper.QueryAsync[T](IDbConnection cnn, Type effectiveType, CommandDefinition command) in /_/Dapper/SqlMapper.Async.cs:line 434
   at DapperAid.QueryRunner.SelectAsync[TFrom,TColumns](Expression`1 where, String otherClauses)
   at Pages.Main.IndexModel.OnGetAsync(Int32 thread, Boolean partial, String tab) in D:\01-Development\PCKK-KantoHeli\Web\Pages\Main\Index.cshtml.cs:line 77
   at Microsoft.AspNetCore.Mvc.RazorPages.Infrastructure.ExecutorFactory.GenericTaskHandlerMethod.Convert[T](Object taskAsObject)
   at Microsoft.AspNetCore.Mvc.RazorPages.Infrastructure.ExecutorFactory.GenericTaskHandlerMethod.Execute(Object receiver, Object[] arguments)
   at Microsoft.AspNetCore.Mvc.RazorPages.Infrastructure.PageActionInvoker.InvokeHandlerMethodAsync()
   at Microsoft.AspNetCore.Mvc.RazorPages.Infrastructure.PageActionInvoker.InvokeNextPageFilterAsync()
   at Microsoft.AspNetCore.Mvc.RazorPages.Infrastructure.PageActionInvoker.Rethrow(PageHandlerExecutedContext context)
   at Microsoft.AspNetCore.Mvc.RazorPages.Infrastructure.PageActionInvoker.Next(State& next, Scope& scope, Object& state, Boolean& isCompleted)
   at Microsoft.AspNetCore.Mvc.RazorPages.Infrastructure.PageActionInvoker.InvokeInnerFilterAsync()
   at Microsoft.AspNetCore.Mvc.Infrastructure.ResourceInvoker.<InvokeNextResourceFilter>g__Awaited|25_0(ResourceInvoker invoker, Task lastTask, State next, Scope scope, Object state, Boolean isCompleted)
   at Microsoft.AspNetCore.Mvc.Infrastructure.ResourceInvoker.Rethrow(ResourceExecutedContextSealed context)
   at Microsoft.AspNetCore.Mvc.Infrastructure.ResourceInvoker.Next(State& next, Scope& scope, Object& state, Boolean& isCompleted)
   at Microsoft.AspNetCore.Mvc.Infrastructure.ResourceInvoker.<InvokeFilterPipelineAsync>g__Awaited|20_0(ResourceInvoker invoker, Task lastTask, State next, Scope scope, Object state, Boolean isCompleted)
   at Microsoft.AspNetCore.Mvc.Infrastructure.ResourceInvoker.<InvokeAsync>g__Awaited|17_0(ResourceInvoker invoker, Task task, IDisposable scope)
   at Microsoft.AspNetCore.Mvc.Infrastructure.ResourceInvoker.<InvokeAsync>g__Awaited|17_0(ResourceInvoker invoker, Task task, IDisposable scope)
   at Microsoft.AspNetCore.Authorization.AuthorizationMiddleware.Invoke(HttpContext context)
   at Microsoft.AspNetCore.Authentication.AuthenticationMiddleware.Invoke(HttpContext context)
   at Src.Basis.BasicAuthMiddleware.Invoke(HttpContext context) in D:\01-Development\PCKK-KantoHeli\Web\Src\Basis\BasicAuthMiddleware.cs:line 26
   at Microsoft.AspNetCore.Diagnostics.StatusCodePagesMiddleware.Invoke(HttpContext context)
   at Microsoft.AspNetCore.Diagnostics.DeveloperExceptionPageMiddlewareImpl.Invoke(HttpContext context)
  Exception data:
    Severity: ERROR
    SqlState: 42P01
    MessageText: リレーション"t_調査依頼"は存在しません
    Position: 106
    File: parse_relation.c
    Line: 1469
    Routine: parserOpenTable
2026-01-23 13:13:00.187|ERR|Src.Services.DbLogService-LogError(#16)| DB処理エラー:42P01: リレーション"t_調査依頼"は存在しません

POSITION: 106
2026-01-23 13:13:00.187|ERR|Src.Services.DbLogService-LogError(#19)| SQL= select "調査依頼id", "スレッドid", "調査依頼名", "組織id", "ステータス", "備考", "created_at", "updated_at", "deleted_at" from t_調査依頼 where "スレッドid"=@スレッドid and "deleted_at" is null ORDER BY updated_at DESC
2026-01-23 13:13:00.187|ERR|Src.Services.DbLogService-LogError(#23)|  Param[0:スレッドid] = 7
2026-01-23 13:13:00.497|ERR|Microsoft.AspNetCore.Diagnostics.DeveloperExceptionPageMiddleware| An unhandled exception has occurred while executing the request.Npgsql.PostgresException (0x80004005): 42P01: リレーション"t_調査依頼"は存在しません

POSITION: 106
   at DapperAid.DbAccess.LoggableDbConnection.Command.ExecuteDbDataReaderAsync(CommandBehavior behavior, CancellationToken cancellationToken)
   at Dapper.SqlMapper.QueryAsync[T](IDbConnection cnn, Type effectiveType, CommandDefinition command) in /_/Dapper/SqlMapper.Async.cs:line 434
   at DapperAid.QueryRunner.SelectAsync[TFrom,TColumns](Expression`1 where, String otherClauses)
   at Pages.Main.IndexModel.OnGetAsync(Int32 thread, Boolean partial, String tab) in D:\01-Development\PCKK-KantoHeli\Web\Pages\Main\Index.cshtml.cs:line 77
   at Microsoft.AspNetCore.Mvc.RazorPages.Infrastructure.ExecutorFactory.GenericTaskHandlerMethod.Convert[T](Object taskAsObject)
   at Microsoft.AspNetCore.Mvc.RazorPages.Infrastructure.ExecutorFactory.GenericTaskHandlerMethod.Execute(Object receiver, Object[] arguments)
   at Microsoft.AspNetCore.Mvc.RazorPages.Infrastructure.PageActionInvoker.InvokeHandlerMethodAsync()
   at Microsoft.AspNetCore.Mvc.RazorPages.Infrastructure.PageActionInvoker.InvokeNextPageFilterAsync()
   at Microsoft.AspNetCore.Mvc.RazorPages.Infrastructure.PageActionInvoker.Rethrow(PageHandlerExecutedContext context)
   at Microsoft.AspNetCore.Mvc.RazorPages.Infrastructure.PageActionInvoker.Next(State& next, Scope& scope, Object& state, Boolean& isCompleted)
   at Microsoft.AspNetCore.Mvc.RazorPages.Infrastructure.PageActionInvoker.InvokeInnerFilterAsync()
   at Microsoft.AspNetCore.Mvc.Infrastructure.ResourceInvoker.<InvokeNextResourceFilter>g__Awaited|25_0(ResourceInvoker invoker, Task lastTask, State next, Scope scope, Object state, Boolean isCompleted)
   at Microsoft.AspNetCore.Mvc.Infrastructure.ResourceInvoker.Rethrow(ResourceExecutedContextSealed context)
   at Microsoft.AspNetCore.Mvc.Infrastructure.ResourceInvoker.Next(State& next, Scope& scope, Object& state, Boolean& isCompleted)
   at Microsoft.AspNetCore.Mvc.Infrastructure.ResourceInvoker.<InvokeFilterPipelineAsync>g__Awaited|20_0(ResourceInvoker invoker, Task lastTask, State next, Scope scope, Object state, Boolean isCompleted)
   at Microsoft.AspNetCore.Mvc.Infrastructure.ResourceInvoker.<InvokeAsync>g__Awaited|17_0(ResourceInvoker invoker, Task task, IDisposable scope)
   at Microsoft.AspNetCore.Mvc.Infrastructure.ResourceInvoker.<InvokeAsync>g__Awaited|17_0(ResourceInvoker invoker, Task task, IDisposable scope)
   at Microsoft.AspNetCore.Authorization.AuthorizationMiddleware.Invoke(HttpContext context)
   at Microsoft.AspNetCore.Authentication.AuthenticationMiddleware.Invoke(HttpContext context)
   at Src.Basis.BasicAuthMiddleware.Invoke(HttpContext context) in D:\01-Development\PCKK-KantoHeli\Web\Src\Basis\BasicAuthMiddleware.cs:line 26
   at Microsoft.AspNetCore.Diagnostics.StatusCodePagesMiddleware.Invoke(HttpContext context)
   at Microsoft.AspNetCore.Diagnostics.DeveloperExceptionPageMiddlewareImpl.Invoke(HttpContext context)
  Exception data:
    Severity: ERROR
    SqlState: 42P01
    MessageText: リレーション"t_調査依頼"は存在しません
    Position: 106
    File: parse_relation.c
    Line: 1469
    Routine: parserOpenTable
2026-01-23 13:18:49.249|ERR|Src.Services.DbLogService-LogError(#16)| DB処理エラー:42P01: リレーション"t_調査依頼"は存在しません

POSITION: 106
2026-01-23 13:18:49.250|ERR|Src.Services.DbLogService-LogError(#19)| SQL= select "調査依頼id", "スレッドid", "調査依頼名", "組織id", "ステータス", "備考", "created_at", "updated_at", "deleted_at" from t_調査依頼 where "スレッドid"=@スレッドid and "deleted_at" is null ORDER BY updated_at DESC
2026-01-23 13:18:49.250|ERR|Src.Services.DbLogService-LogError(#23)|  Param[0:スレッドid] = 7
2026-01-23 13:18:49.521|ERR|Microsoft.AspNetCore.Diagnostics.DeveloperExceptionPageMiddleware| An unhandled exception has occurred while executing the request.Npgsql.PostgresException (0x80004005): 42P01: リレーション"t_調査依頼"は存在しません

POSITION: 106
   at DapperAid.DbAccess.LoggableDbConnection.Command.ExecuteDbDataReaderAsync(CommandBehavior behavior, CancellationToken cancellationToken)
   at Dapper.SqlMapper.QueryAsync[T](IDbConnection cnn, Type effectiveType, CommandDefinition command) in /_/Dapper/SqlMapper.Async.cs:line 434
   at DapperAid.QueryRunner.SelectAsync[TFrom,TColumns](Expression`1 where, String otherClauses)
   at Pages.Main.IndexModel.OnGetAsync(Int32 thread, Boolean partial, String tab) in D:\01-Development\PCKK-KantoHeli\Web\Pages\Main\Index.cshtml.cs:line 77
   at Microsoft.AspNetCore.Mvc.RazorPages.Infrastructure.ExecutorFactory.GenericTaskHandlerMethod.Convert[T](Object taskAsObject)
   at Microsoft.AspNetCore.Mvc.RazorPages.Infrastructure.ExecutorFactory.GenericTaskHandlerMethod.Execute(Object receiver, Object[] arguments)
   at Microsoft.AspNetCore.Mvc.RazorPages.Infrastructure.PageActionInvoker.InvokeHandlerMethodAsync()
   at Microsoft.AspNetCore.Mvc.RazorPages.Infrastructure.PageActionInvoker.InvokeNextPageFilterAsync()
   at Microsoft.AspNetCore.Mvc.RazorPages.Infrastructure.PageActionInvoker.Rethrow(PageHandlerExecutedContext context)
   at Microsoft.AspNetCore.Mvc.RazorPages.Infrastructure.PageActionInvoker.Next(State& next, Scope& scope, Object& state, Boolean& isCompleted)
   at Microsoft.AspNetCore.Mvc.RazorPages.Infrastructure.PageActionInvoker.InvokeInnerFilterAsync()
   at Microsoft.AspNetCore.Mvc.Infrastructure.ResourceInvoker.<InvokeNextResourceFilter>g__Awaited|25_0(ResourceInvoker invoker, Task lastTask, State next, Scope scope, Object state, Boolean isCompleted)
   at Microsoft.AspNetCore.Mvc.Infrastructure.ResourceInvoker.Rethrow(ResourceExecutedContextSealed context)
   at Microsoft.AspNetCore.Mvc.Infrastructure.ResourceInvoker.Next(State& next, Scope& scope, Object& state, Boolean& isCompleted)
   at Microsoft.AspNetCore.Mvc.Infrastructure.ResourceInvoker.<InvokeFilterPipelineAsync>g__Awaited|20_0(ResourceInvoker invoker, Task lastTask, State next, Scope scope, Object state, Boolean isCompleted)
   at Microsoft.AspNetCore.Mvc.Infrastructure.ResourceInvoker.<InvokeAsync>g__Awaited|17_0(ResourceInvoker invoker, Task task, IDisposable scope)
   at Microsoft.AspNetCore.Mvc.Infrastructure.ResourceInvoker.<InvokeAsync>g__Awaited|17_0(ResourceInvoker invoker, Task task, IDisposable scope)
   at Microsoft.AspNetCore.Authorization.AuthorizationMiddleware.Invoke(HttpContext context)
   at Microsoft.AspNetCore.Authentication.AuthenticationMiddleware.Invoke(HttpContext context)
   at Src.Basis.BasicAuthMiddleware.Invoke(HttpContext context) in D:\01-Development\PCKK-KantoHeli\Web\Src\Basis\BasicAuthMiddleware.cs:line 26
   at Microsoft.AspNetCore.Diagnostics.StatusCodePagesMiddleware.Invoke(HttpContext context)
   at Microsoft.AspNetCore.Diagnostics.DeveloperExceptionPageMiddlewareImpl.Invoke(HttpContext context)
  Exception data:
    Severity: ERROR
    SqlState: 42P01
    MessageText: リレーション"t_調査依頼"は存在しません
    Position: 106
    File: parse_relation.c
    Line: 1469
    Routine: parserOpenTable
2026-01-23 13:22:09.123|WRN|Src.WebAPI.LogJsAPI-LogJsError(#23)| JavaScriptError: Uncaught TypeError: Cannot read properties of null (reading 'addEventListener')  (/ file=http://localhost:5260/js/index.js?v=rb7OALSL4m0_Wt7KQnjE3HpTe_eNrRkrEkbfaLYcoxs line=1 col=1166 ) (http://localhost:5260/)
2026-01-23 13:22:09.127|WRN|Src.WebAPI.LogJsAPI-LogJsError(#24)|     from:::1 ["Mozilla/5.0 (Windows NT 10.0; Win64; x64) AppleWebKit/537.36 (KHTML, like Gecko) Chrome/144.0.0.0 Safari/537.36 Edg/144.0.0.0"]
2026-01-23 13:22:15.412|ERR|Src.Services.DbLogService-LogError(#16)| DB処理エラー:42P01: リレーション"t_調査依頼"は存在しません

POSITION: 106
2026-01-23 13:22:15.415|ERR|Src.Services.DbLogService-LogError(#19)| SQL= select "調査依頼id", "スレッドid", "調査依頼名", "組織id", "ステータス", "備考", "created_at", "updated_at", "deleted_at" from t_調査依頼 where "スレッドid"=@スレッドid and "deleted_at" is null ORDER BY updated_at DESC
2026-01-23 13:22:15.418|ERR|Src.Services.DbLogService-LogError(#23)|  Param[0:スレッドid] = 7
2026-01-23 13:22:15.849|ERR|Microsoft.AspNetCore.Diagnostics.DeveloperExceptionPageMiddleware| An unhandled exception has occurred while executing the request.Npgsql.PostgresException (0x80004005): 42P01: リレーション"t_調査依頼"は存在しません

POSITION: 106
   at DapperAid.DbAccess.LoggableDbConnection.Command.ExecuteDbDataReaderAsync(CommandBehavior behavior, CancellationToken cancellationToken)
   at Dapper.SqlMapper.QueryAsync[T](IDbConnection cnn, Type effectiveType, CommandDefinition command) in /_/Dapper/SqlMapper.Async.cs:line 434
   at DapperAid.QueryRunner.SelectAsync[TFrom,TColumns](Expression`1 where, String otherClauses)
   at Pages.Main.IndexModel.OnGetAsync(Int32 thread, Boolean partial, String tab) in D:\01-Development\PCKK-KantoHeli\Web\Pages\Main\Index.cshtml.cs:line 77
   at Microsoft.AspNetCore.Mvc.RazorPages.Infrastructure.ExecutorFactory.GenericTaskHandlerMethod.Convert[T](Object taskAsObject)
   at Microsoft.AspNetCore.Mvc.RazorPages.Infrastructure.ExecutorFactory.GenericTaskHandlerMethod.Execute(Object receiver, Object[] arguments)
   at Microsoft.AspNetCore.Mvc.RazorPages.Infrastructure.PageActionInvoker.InvokeHandlerMethodAsync()
   at Microsoft.AspNetCore.Mvc.RazorPages.Infrastructure.PageActionInvoker.InvokeNextPageFilterAsync()
   at Microsoft.AspNetCore.Mvc.RazorPages.Infrastructure.PageActionInvoker.Rethrow(PageHandlerExecutedContext context)
   at Microsoft.AspNetCore.Mvc.RazorPages.Infrastructure.PageActionInvoker.Next(State& next, Scope& scope, Object& state, Boolean& isCompleted)
   at Microsoft.AspNetCore.Mvc.RazorPages.Infrastructure.PageActionInvoker.InvokeInnerFilterAsync()
   at Microsoft.AspNetCore.Mvc.Infrastructure.ResourceInvoker.<InvokeNextResourceFilter>g__Awaited|25_0(ResourceInvoker invoker, Task lastTask, State next, Scope scope, Object state, Boolean isCompleted)
   at Microsoft.AspNetCore.Mvc.Infrastructure.ResourceInvoker.Rethrow(ResourceExecutedContextSealed context)
   at Microsoft.AspNetCore.Mvc.Infrastructure.ResourceInvoker.Next(State& next, Scope& scope, Object& state, Boolean& isCompleted)
   at Microsoft.AspNetCore.Mvc.Infrastructure.ResourceInvoker.<InvokeFilterPipelineAsync>g__Awaited|20_0(ResourceInvoker invoker, Task lastTask, State next, Scope scope, Object state, Boolean isCompleted)
   at Microsoft.AspNetCore.Mvc.Infrastructure.ResourceInvoker.<InvokeAsync>g__Awaited|17_0(ResourceInvoker invoker, Task task, IDisposable scope)
   at Microsoft.AspNetCore.Mvc.Infrastructure.ResourceInvoker.<InvokeAsync>g__Awaited|17_0(ResourceInvoker invoker, Task task, IDisposable scope)
   at Microsoft.AspNetCore.Authorization.AuthorizationMiddleware.Invoke(HttpContext context)
   at Microsoft.AspNetCore.Authentication.AuthenticationMiddleware.Invoke(HttpContext context)
   at Src.Basis.BasicAuthMiddleware.Invoke(HttpContext context) in D:\01-Development\PCKK-KantoHeli\Web\Src\Basis\BasicAuthMiddleware.cs:line 26
   at Microsoft.AspNetCore.Diagnostics.StatusCodePagesMiddleware.Invoke(HttpContext context)
   at Microsoft.AspNetCore.Diagnostics.DeveloperExceptionPageMiddlewareImpl.Invoke(HttpContext context)
  Exception data:
    Severity: ERROR
    SqlState: 42P01
    MessageText: リレーション"t_調査依頼"は存在しません
    Position: 106
    File: parse_relation.c
    Line: 1469
    Routine: parserOpenTable
2026-01-23 13:22:44.255|ERR|Src.Services.DbLogService-LogError(#16)| DB処理エラー:42P01: リレーション"t_調査依頼"は存在しません

POSITION: 106
2026-01-23 13:22:44.255|ERR|Src.Services.DbLogService-LogError(#19)| SQL= select "調査依頼id", "スレッドid", "調査依頼名", "組織id", "ステータス", "備考", "created_at", "updated_at", "deleted_at" from t_調査依頼 where "スレッドid"=@スレッドid and "deleted_at" is null ORDER BY updated_at DESC
2026-01-23 13:22:44.255|ERR|Src.Services.DbLogService-LogError(#23)|  Param[0:スレッドid] = 7
2026-01-23 13:22:44.536|ERR|Microsoft.AspNetCore.Diagnostics.DeveloperExceptionPageMiddleware| An unhandled exception has occurred while executing the request.Npgsql.PostgresException (0x80004005): 42P01: リレーション"t_調査依頼"は存在しません

POSITION: 106
   at DapperAid.DbAccess.LoggableDbConnection.Command.ExecuteDbDataReaderAsync(CommandBehavior behavior, CancellationToken cancellationToken)
   at Dapper.SqlMapper.QueryAsync[T](IDbConnection cnn, Type effectiveType, CommandDefinition command) in /_/Dapper/SqlMapper.Async.cs:line 434
   at DapperAid.QueryRunner.SelectAsync[TFrom,TColumns](Expression`1 where, String otherClauses)
   at Pages.Main.IndexModel.OnGetAsync(Int32 thread, Boolean partial, String tab) in D:\01-Development\PCKK-KantoHeli\Web\Pages\Main\Index.cshtml.cs:line 77
   at Microsoft.AspNetCore.Mvc.RazorPages.Infrastructure.ExecutorFactory.GenericTaskHandlerMethod.Convert[T](Object taskAsObject)
   at Microsoft.AspNetCore.Mvc.RazorPages.Infrastructure.ExecutorFactory.GenericTaskHandlerMethod.Execute(Object receiver, Object[] arguments)
   at Microsoft.AspNetCore.Mvc.RazorPages.Infrastructure.PageActionInvoker.InvokeHandlerMethodAsync()
   at Microsoft.AspNetCore.Mvc.RazorPages.Infrastructure.PageActionInvoker.InvokeNextPageFilterAsync()
   at Microsoft.AspNetCore.Mvc.RazorPages.Infrastructure.PageActionInvoker.Rethrow(PageHandlerExecutedContext context)
   at Microsoft.AspNetCore.Mvc.RazorPages.Infrastructure.PageActionInvoker.Next(State& next, Scope& scope, Object& state, Boolean& isCompleted)
   at Microsoft.AspNetCore.Mvc.RazorPages.Infrastructure.PageActionInvoker.InvokeInnerFilterAsync()
   at Microsoft.AspNetCore.Mvc.Infrastructure.ResourceInvoker.<InvokeNextResourceFilter>g__Awaited|25_0(ResourceInvoker invoker, Task lastTask, State next, Scope scope, Object state, Boolean isCompleted)
   at Microsoft.AspNetCore.Mvc.Infrastructure.ResourceInvoker.Rethrow(ResourceExecutedContextSealed context)
   at Microsoft.AspNetCore.Mvc.Infrastructure.ResourceInvoker.Next(State& next, Scope& scope, Object& state, Boolean& isCompleted)
   at Microsoft.AspNetCore.Mvc.Infrastructure.ResourceInvoker.<InvokeFilterPipelineAsync>g__Awaited|20_0(ResourceInvoker invoker, Task lastTask, State next, Scope scope, Object state, Boolean isCompleted)
   at Microsoft.AspNetCore.Mvc.Infrastructure.ResourceInvoker.<InvokeAsync>g__Awaited|17_0(ResourceInvoker invoker, Task task, IDisposable scope)
   at Microsoft.AspNetCore.Mvc.Infrastructure.ResourceInvoker.<InvokeAsync>g__Awaited|17_0(ResourceInvoker invoker, Task task, IDisposable scope)
   at Microsoft.AspNetCore.Authorization.AuthorizationMiddleware.Invoke(HttpContext context)
   at Microsoft.AspNetCore.Authentication.AuthenticationMiddleware.Invoke(HttpContext context)
   at Src.Basis.BasicAuthMiddleware.Invoke(HttpContext context) in D:\01-Development\PCKK-KantoHeli\Web\Src\Basis\BasicAuthMiddleware.cs:line 26
   at Microsoft.AspNetCore.Diagnostics.StatusCodePagesMiddleware.Invoke(HttpContext context)
   at Microsoft.AspNetCore.Diagnostics.DeveloperExceptionPageMiddlewareImpl.Invoke(HttpContext context)
  Exception data:
    Severity: ERROR
    SqlState: 42P01
    MessageText: リレーション"t_調査依頼"は存在しません
    Position: 106
    File: parse_relation.c
    Line: 1469
    Routine: parserOpenTable
2026-01-23 13:57:46.208|WRN|Web-<Main>$(#174)| HTTPERROR: NotFound GET /.well-known/appspecific/com.chrome.devtools.json  from:::1 ["Mozilla/5.0 (Windows NT 10.0; Win64; x64) AppleWebKit/537.36 (KHTML, like Gecko) Chrome/144.0.0.0 Safari/537.36 Edg/144.0.0.0"]
2026-01-23 14:27:56.967|WRN|Src.WebAPI.LogJsAPI-LogJsError(#23)| JavaScriptError: Uncaught TypeError: Cannot read properties of null (reading 'addEventListener')  (/ file=http://localhost:5260/js/index.js?v=rb7OALSL4m0_Wt7KQnjE3HpTe_eNrRkrEkbfaLYcoxs line=1 col=1166 ) (http://localhost:5260/)
2026-01-23 14:27:56.967|WRN|Src.WebAPI.LogJsAPI-LogJsError(#24)|     from:::1 ["Mozilla/5.0 (Windows NT 10.0; Win64; x64) AppleWebKit/537.36 (KHTML, like Gecko) Chrome/144.0.0.0 Safari/537.36 Edg/144.0.0.0"]
2026-01-23 14:40:51.719|WRN|Src.WebAPI.LogJsAPI-LogJsError(#23)| JavaScriptError: Uncaught TypeError: Cannot read properties of null (reading 'addEventListener')  (/ file=http://localhost:5260/js/index.js?v=rb7OALSL4m0_Wt7KQnjE3HpTe_eNrRkrEkbfaLYcoxs line=1 col=1166 ) (http://localhost:5260/)
2026-01-23 14:40:51.720|WRN|Src.WebAPI.LogJsAPI-LogJsError(#24)|     from:::1 ["Mozilla/5.0 (Windows NT 10.0; Win64; x64) AppleWebKit/537.36 (KHTML, like Gecko) Chrome/144.0.0.0 Safari/537.36 Edg/144.0.0.0"]
2026-01-23 14:40:58.370|WRN|Src.WebAPI.LogJsAPI-LogJsError(#23)| JavaScriptError: Uncaught TypeError: Cannot read properties of null (reading 'addEventListener')  (/ file=http://localhost:5260/js/index.js?v=rb7OALSL4m0_Wt7KQnjE3HpTe_eNrRkrEkbfaLYcoxs line=1 col=1166 ) (http://localhost:5260/)
2026-01-23 14:40:58.370|WRN|Src.WebAPI.LogJsAPI-LogJsError(#24)|     from:::1 ["Mozilla/5.0 (Windows NT 10.0; Win64; x64) AppleWebKit/537.36 (KHTML, like Gecko) Chrome/144.0.0.0 Safari/537.36 Edg/144.0.0.0"]
2026-01-31 10:40:38.470|WRN|Src.WebAPI.LogJsAPI-LogJsError(#23)| JavaScriptError: Uncaught TypeError: Cannot read properties of null (reading 'addEventListener')  (/ file=http://localhost:5260/js/index.js?v=rb7OALSL4m0_Wt7KQnjE3HpTe_eNrRkrEkbfaLYcoxs line=1 col=1166 ) (http://localhost:5260/)
2026-01-31 10:40:38.474|WRN|Src.WebAPI.LogJsAPI-LogJsError(#24)|     from:::1 ["Mozilla/5.0 (Windows NT 10.0; Win64; x64) AppleWebKit/537.36 (KHTML, like Gecko) Chrome/144.0.0.0 Safari/537.36 Edg/144.0.0.0"]
